1|0|192.168.0.0/24|1
2|1|192.168.1.0/24|1
3|1|192.168.2.0/24|1
